python : C:\Users\hashi\OneDrive\Desktop\Anti
gravity\nba-predictor\backend\stats_service.p
y:98: UserWarning: Could not infer format, 
so each element will be parsed individually, 
falling back to `dateutil`. To ensure 
parsing is consistent and as-expected, 
please specify a format.
At line:1 char:1
+ python ai_service.py > test_output.txt 2>&1
+ ~~~~~~~~~~~~~~~~~~~~~~~~~~~~~~~~~~~~~~~~~~~
    + CategoryInfo          : NotSpecified:  
   (C:\Users\hashi\...ecify a format.:Strin  
  g) [], RemoteException
    + FullyQualifiedErrorId : NativeCommandE 
   rror
 
  games['parsed_date'] = 
pd.to_datetime(games['GAME_DATE'])
C:\Users\hashi\OneDrive\Desktop\Antigravity\n
ba-predictor\backend\stats_service.py:98: 
UserWarning: Could not infer format, so each 
element will be parsed individually, falling 
back to `dateutil`. To ensure parsing is 
consistent and as-expected, please specify a 
format.
  games['parsed_date'] = 
pd.to_datetime(games['GAME_DATE'])
[Success] Gemini 3 specialized client initialized
[Success] Claude 4.5 initialized
[Success] GPT-5 initialized
--- [Test] Testing Betting Engine (Single File Mode) ---
Building Fact Pack for LAKERS vs WARRIORS...
[Odds] Fetching LIVE odds for Los Angeles Lakers @ Golden State Warriors...
[Injury] Fetching Injury Report for Golden State Warriors...
[Injury] Fetching Injury Report for Los Angeles Lakers...
Asking the 3-AI Council to analyze...

[AI-LOG] Sending Data to Council:
{
  "game_id": "2025-12-25-Los Angeles Lakers-Golden State Warriors",
  "time": "7:30 PM ET",
  "teams": {
    "home": "Golden State Warriors",
    "away": "Los Angeles Lakers"
  },
  "venue": "Arena of Golden State Warriors",
  "odds": {
    "home_odds": "-345",
    "away_odds": "N/A",
    "spread": "-8.5 (Home)",
    "total": "230.5",
    "source": "DraftKings",
    "timestamp": "2025-12-25T20:24:57Z"
  },
  "team_metrics": {
    "home": {
      "ORtg": 113.3,
      "DRtg": 111.0,
      "Pace": 100.6,
      "NetRtg": 2.2,
      "Last5": {
        "W_PCT": 0.4,
        "NetRtg": 3.2
      },
      "Split": {
        "Location": "Home",
        "W_PCT": 0.5,
        "NetRtg": 2.2
      }
    },
    "away": {
      "ORtg": 117.8,
      "DRtg": 117.6,
      "Pace": 99.82,
      "NetRtg": 0.2,
      "Last5": {
        "W_PCT": 0.4,
        "NetRtg": -8.2
      },
      "Split": {
        "Location": "Road",
        "W_PCT": 0.679,
        "NetRtg": 0.2
      }
    }
  },
  "rest_travel": {
    "home": {
      "rest_days": 255,
      "is_b2b": false,
      "3_in_4": false
    },
    "away": {
      "rest_days": 255,
      "is_b2b": false,
      "3_in_4": false
    }
  },
  "injuries": {
    "home": [
      {
        "player": "Steph Curry",
        "status": "Active",
        "expected_minutes_change": "0",
        "importance_score": 10
      },
      {
        "player": "Draymond Green",
        "status": "Out",
        "expected_minutes_change": "-32",
        "importance_score": 8
      }
    ],
    "away": [
      {
        "player": "LeBron James",
        "status": "GTD",
        "expected_minutes_change": "-5",
        "importance_score": 10
      },
      {
        "player": "Anthony Davis",
        "status": "Active",
        "expected_minutes_change": "0",
        "importance_score": 9.5
      }
    ]
  }
}

[Robot] Asking Claude...
Claude Raw: {
  "winner": "Golden State Warriors",
  "confiden...

[Success] Prediction Complete!
[Trophy] Winner: Golden State Warriors
[Chart] Confidence: 50%
[Odds] Odds: {'home_odds': '-345', 'away_odds': 'N/A', 'spread': '-8.5 (Home)', 'total': '230.5', 'source': 'DraftKings', 'timestamp': '2025-12-25T20:24:57Z'}
[Note] Analysis: MIXED SIGNALS: 2/3 models favor Golden State Warriors.

Key Factors:
 - Consensus: 2/3
 - Analyst Votes: Gemini: Los Angeles Lakers (75%), Claude: Golden State Warriors (70%), OpenAI: Golden State Warriors (7%)
 - Real-time news integration active
